C:/TouchGFXProjects/MyApplication_3/Core/Src/main.c:1154:13:SPI5_Write	16	static
C:/TouchGFXProjects/MyApplication_3/Core/Src/main.c:1266:6:StartDefaultTask	8	static
C:/TouchGFXProjects/MyApplication_3/Core/Src/main.c:1284:6:ADC_Ctrl	8	static
C:/TouchGFXProjects/MyApplication_3/Core/Src/main.c:1303:6:LCD_Display	8	static
C:/TouchGFXProjects/MyApplication_3/Core/Src/main.c:177:5:__io_putchar	16	static
C:/TouchGFXProjects/MyApplication_3/Core/Src/main.c:185:5:__io_getchar	16	static
C:/TouchGFXProjects/MyApplication_3/Core/Src/main.c:311:6:SystemClock_Config	96	static
C:/TouchGFXProjects/MyApplication_3/Core/Src/main.c:201:5:main	152	static
C:/TouchGFXProjects/MyApplication_3/Core/Src/main.c:998:6:IOE_Init	0	static
C:/TouchGFXProjects/MyApplication_3/Core/Src/main.c:1007:6:IOE_ITConfig	0	static
C:/TouchGFXProjects/MyApplication_3/Core/Src/main.c:1019:6:IOE_Write	32	static
C:/TouchGFXProjects/MyApplication_3/Core/Src/main.c:1030:9:IOE_Read	32	static
C:/TouchGFXProjects/MyApplication_3/Core/Src/main.c:1043:10:IOE_ReadMultiple	24	static
C:/TouchGFXProjects/MyApplication_3/Core/Src/main.c:1052:6:IOE_Delay	0	static
C:/TouchGFXProjects/MyApplication_3/Core/Src/main.c:1180:6:LCD_IO_Init	8	static
C:/TouchGFXProjects/MyApplication_3/Core/Src/main.c:1190:6:LCD_IO_WriteData	16	static
C:/TouchGFXProjects/MyApplication_3/Core/Src/main.c:1206:6:LCD_IO_WriteReg	16	static
C:/TouchGFXProjects/MyApplication_3/Core/Src/main.c:1225:10:LCD_IO_ReadData	32	static
C:/TouchGFXProjects/MyApplication_3/Core/Src/main.c:1252:6:LCD_Delay	0	static
C:/TouchGFXProjects/MyApplication_3/Core/Src/main.c:1322:6:HAL_TIM_PeriodElapsedCallback	8	static
C:/TouchGFXProjects/MyApplication_3/Core/Src/main.c:1341:6:Error_Handler	0	static
