C:/TouchGFXProjects/MyApplication_3/Core/Src/stm32f4xx_hal_msp.c:65:6:HAL_MspInit	8	static
C:/TouchGFXProjects/MyApplication_3/Core/Src/stm32f4xx_hal_msp.c:90:6:HAL_ADC_MspInit	48	static
C:/TouchGFXProjects/MyApplication_3/Core/Src/stm32f4xx_hal_msp.c:153:6:HAL_ADC_MspDeInit	8	static
C:/TouchGFXProjects/MyApplication_3/Core/Src/stm32f4xx_hal_msp.c:189:6:HAL_CRC_MspInit	8	static
C:/TouchGFXProjects/MyApplication_3/Core/Src/stm32f4xx_hal_msp.c:212:6:HAL_CRC_MspDeInit	0	static
C:/TouchGFXProjects/MyApplication_3/Core/Src/stm32f4xx_hal_msp.c:234:6:HAL_DMA2D_MspInit	16	static
C:/TouchGFXProjects/MyApplication_3/Core/Src/stm32f4xx_hal_msp.c:260:6:HAL_DMA2D_MspDeInit	0	static
C:/TouchGFXProjects/MyApplication_3/Core/Src/stm32f4xx_hal_msp.c:285:6:HAL_I2C_MspInit	64	static
C:/TouchGFXProjects/MyApplication_3/Core/Src/stm32f4xx_hal_msp.c:334:6:HAL_I2C_MspDeInit	8	static
C:/TouchGFXProjects/MyApplication_3/Core/Src/stm32f4xx_hal_msp.c:365:6:HAL_LTDC_MspInit	120	static
C:/TouchGFXProjects/MyApplication_3/Core/Src/stm32f4xx_hal_msp.c:491:6:HAL_LTDC_MspDeInit	8	static
C:/TouchGFXProjects/MyApplication_3/Core/Src/stm32f4xx_hal_msp.c:553:6:HAL_SPI_MspInit	40	static
C:/TouchGFXProjects/MyApplication_3/Core/Src/stm32f4xx_hal_msp.c:591:6:HAL_SPI_MspDeInit	0	static
C:/TouchGFXProjects/MyApplication_3/Core/Src/stm32f4xx_hal_msp.c:621:6:HAL_TIM_Base_MspInit	16	static
C:/TouchGFXProjects/MyApplication_3/Core/Src/stm32f4xx_hal_msp.c:647:6:HAL_TIM_Base_MspDeInit	0	static
C:/TouchGFXProjects/MyApplication_3/Core/Src/stm32f4xx_hal_msp.c:672:6:HAL_UART_MspInit	40	static
C:/TouchGFXProjects/MyApplication_3/Core/Src/stm32f4xx_hal_msp.c:709:6:HAL_UART_MspDeInit	0	static
C:/TouchGFXProjects/MyApplication_3/Core/Src/stm32f4xx_hal_msp.c:840:6:HAL_SDRAM_MspInit	48	static
C:/TouchGFXProjects/MyApplication_3/Core/Src/stm32f4xx_hal_msp.c:926:6:HAL_SDRAM_MspDeInit	8	static
