../../Middlewares/ST/touchgfx/framework/include/touchgfx/Screen.hpp:104:18:virtual void touchgfx::Screen::afterTransition()	0	static
../../Middlewares/ST/touchgfx/framework/include/touchgfx/Screen.hpp:144:18:virtual void touchgfx::Screen::handleTickEvent()	0	static
../../Middlewares/ST/touchgfx/framework/include/touchgfx/Screen.hpp:154:18:virtual void touchgfx::Screen::handleKeyEvent(uint8_t)	0	static
C:/TouchGFXProjects/MyApplication_3/TouchGFX/gui/src/mainscreen_screen/MainScreenView.cpp:14:6:virtual void MainScreenView::tearDownScreen()	0	static
../../TouchGFX/gui/include/gui/mainscreen_screen/MainScreenView.hpp:11:13:MainScreenView::~MainScreenView()	8	static
../../TouchGFX/gui/include/gui/mainscreen_screen/MainScreenView.hpp:11:13:virtual MainScreenView::~MainScreenView()	8	static
C:/TouchGFXProjects/MyApplication_3/TouchGFX/gui/src/mainscreen_screen/MainScreenView.cpp:3:1:MainScreenView::MainScreenView()	8	static
C:/TouchGFXProjects/MyApplication_3/TouchGFX/gui/src/mainscreen_screen/MainScreenView.cpp:8:6:virtual void MainScreenView::setupScreen()	0	static
C:/TouchGFXProjects/MyApplication_3/TouchGFX/gui/src/mainscreen_screen/MainScreenView.cpp:27:6:void MainScreenView::updateADCGauge(uint16_t, uint16_t, uint16_t)	24	static
C:/TouchGFXProjects/MyApplication_3/TouchGFX/gui/src/mainscreen_screen/MainScreenView.cpp:39:6:void MainScreenView::updateJOYGauge(uint16_t, uint16_t, uint16_t)	24	static
C:/TouchGFXProjects/MyApplication_3/TouchGFX/gui/src/mainscreen_screen/MainScreenView.cpp:51:6:void MainScreenView::updateTextMessage(const char*)	8	static
